// Jest Snapshot v1, https://goo.gl/fbAQLP

exports[`Form component when does not have playlists does not render the Form 1`] = `null`;

exports[`Form component when there is playlists renders default component 1`] = `
<div
  className="sc-bdVaJa fKgYJA"
>
  <form
    onSubmit={[Function]}
  >
    <label
      className="sc-bwzfXH dnbGwd"
      htmlFor="artist"
    >
      Artist:
    </label>
    <input
      className="sc-htpNat gBBCDj"
      id="artist"
      onChange={[Function]}
      required={true}
      type="text"
      value="artist"
    />
    <label
      className="sc-bwzfXH dnbGwd"
      htmlFor="title"
    >
      Title:
    </label>
    <input
      className="sc-htpNat gBBCDj"
      id="title"
      onChange={[Function]}
      required={true}
      type="text"
      value="title"
    />
    <label
      className="sc-bwzfXH dnbGwd"
      htmlFor="videoId"
    >
      Youtube video ID:
    </label>
    <input
      className="sc-htpNat gBBCDj"
      id="videoId"
      onChange={[Function]}
      required={true}
      type="text"
      value="PtqAzo6ElhY"
    />
    <button
      className="sc-bxivhb dJVtKI"
      type="submit"
    >
      Add video
    </button>
  </form>
</div>
`;
