// Jest Snapshot v1, https://goo.gl/fbAQLP

exports[`Player component when does not have playlists nor videos renders add playlist button component 1`] = `
<button
  className="sc-kgoBCf bqKepH"
  onClick={[Function]}
>
  + Add your first playlist
</button>
`;

exports[`Player component when does not have video on selected playlist renders add video form component 1`] = `
<div
  className="sc-bdVaJa fKgYJA"
>
  <form
    onSubmit={[Function]}
  >
    <label
      className="sc-bwzfXH dnbGwd"
      htmlFor="artist"
    >
      Artist:
    </label>
    <input
      className="sc-htpNat gBBCDj"
      id="artist"
      onChange={[Function]}
      required={true}
      type="text"
      value=""
    />
    <label
      className="sc-bwzfXH dnbGwd"
      htmlFor="title"
    >
      Title:
    </label>
    <input
      className="sc-htpNat gBBCDj"
      id="title"
      onChange={[Function]}
      required={true}
      type="text"
      value=""
    />
    <label
      className="sc-bwzfXH dnbGwd"
      htmlFor="videoId"
    >
      Youtube video ID:
    </label>
    <input
      className="sc-htpNat gBBCDj"
      id="videoId"
      onChange={[Function]}
      required={true}
      type="text"
      value=""
    />
    <button
      className="sc-bxivhb dJVtKI"
      type="submit"
    >
      Add video
    </button>
  </form>
</div>
`;

exports[`Player component when there is playlists and videos renders default component 1`] = `
<div
  className="sc-gZMcBi fZVuvt"
>
  <div
    className="sc-gqjmRU kbqIjb"
  >
    <div
      className="sc-VigVT fZcnhv"
    />
  </div>
  <div
    className="sc-jTzLTM bEyCSz"
  >
    <h1
      className="sc-fjdhpX htvWHB"
    >
      Title 2
    </h1>
    <h2
      className="sc-jzJRlG eqPGrl"
    >
      Artist 2
    </h2>
  </div>
  <div
    className="sc-ifAKCX iwwMpc"
  >
    <h3
      className="sc-EHOje Ialwt"
    >
      Videos
    </h3>
    <button
      className="sc-bZQynM fhCRdn"
      onClick={[Function]}
    >
      <div
        className="sc-gzVnrw hGpAmX"
      >
        <img
          className="sc-htoDjs guEPrW"
          src="https://img.youtube.com/vi/MeSu5_Do8P8/default.jpg"
          width="100"
        />
        <p
          className="sc-dnqmqq erXrcf"
        >
          Title 1
        </p>
        <p
          className="sc-iwsKbI bkiwKW"
        >
          Artist 1
        </p>
      </div>
    </button>
    <button
      className="sc-bZQynM fhCRdn"
      onClick={[Function]}
    >
      <div
        className="sc-gzVnrw gjBSIs"
      >
        <img
          className="sc-htoDjs guEPrW"
          src="https://img.youtube.com/vi/249i5jNRClU/default.jpg"
          width="100"
        />
        <p
          className="sc-dnqmqq erXrcf"
        >
          Title 2
        </p>
        <p
          className="sc-iwsKbI bkiwKW"
        >
          Artist 2
        </p>
      </div>
    </button>
  </div>
  <div
    className="sc-kAzzGY bNeUfc"
  >
    <button
      className="sc-cSHVUG grszef"
      onClick={[Function]}
    >
      + add new video
    </button>
  </div>
</div>
`;
